c havannah ...
